JELet
  [
    _×_ "x" (JEIntLit "1"),
    _×_ "y" (JEIntLit "2")]
  (JEAdd
    (JELIdent "x")
    (JELIdent "y"))
