JEIf
  (JELIdent "x")
  (JELIdent "y")
  (JELet
     [_Ã—_ "z" (JEInt IntInfo {intDigits = 1, intValue = 1})]
     (JELIdent "z"))
