JESub
  (JEAdd
    (JEIntLit "1")
    (JEIntLit "2"))
  (JEIntLit "3")
